SQL> /;
SP2-0103: Nothing in SQL buffer to run.
SQL> desc deposit_02;
 Name                                      Null?    Type
 ----------------------------------------- -------- ----------------------------
 AC_NO                                     NOT NULL VARCHAR2(5)
 CNAME                                     NOT NULL VARCHAR2(18)
 BNAME                                     NOT NULL VARCHAR2(18)
 AMOUNT                                             NUMBER(8,2)
 ADATE                                              DATE

SQL> ALTER TABLE deposit_02 ADD CONSTRAINT FK_02 FOREIGN KEY (cname) REFERENCES customer_02(cname);
ALTER TABLE deposit_02 ADD CONSTRAINT FK_02 FOREIGN KEY (cname) REFERENCES customer_02(cname)
                                            *
ERROR at line 1:
ORA-02275: such a referential constraint already exists in the table 


SQL> ALTER TABLE deposit_02 drop CONSTRAINT FK_02;
ALTER TABLE deposit_02 drop CONSTRAINT FK_02
                                       *
ERROR at line 1:
ORA-02443: Cannot drop constraint  - nonexistent constraint 


SQL> ALTER TABLE deposit_02 ADD CONSTRAINT FK_02 FOREIGN KEY (cname) REFERENCES customer_02(cname);
ALTER TABLE deposit_02 ADD CONSTRAINT FK_02 FOREIGN KEY (cname) REFERENCES customer_02(cname)
                                            *
ERROR at line 1:
ORA-02275: such a referential constraint already exists in the table 


SQL> ALTER TABLE deposit_02 ADD CONSTRAINT FK_2 FOREIGN KEY (cname) REFERENCES customer_02(cname);
ALTER TABLE deposit_02 ADD CONSTRAINT FK_2 FOREIGN KEY (cname) REFERENCES customer_02(cname)
                                           *
ERROR at line 1:
ORA-02275: such a referential constraint already exists in the table 


SQL> 
SQL> INSERT INTO deposit_02 (ac_no, cname, bname, amount, adate) VALUES ('100','ANIL','VRCE',1000.00,'1-MAR-95');
INSERT INTO deposit_02 (ac_no, cname, bname, amount, adate) VALUES ('100','ANIL','VRCE',1000.00,'1-MAR-95')
*
ERROR at line 1:
ORA-02291: integrity constraint (SYSTEM.SYS_C005289) violated - parent key not 
found 


SQL> insert into deposit_02 values('&ac_no','&cname','&bname','&amount','&adate');
Enter value for ac_no: 100
Enter value for cname: ANIL
Enter value for bname: VRCE
Enter value for amount: 1000
Enter value for adate: 1-MAR-95
old   1: insert into deposit_02 values('&ac_no','&cname','&bname','&amount','&adate')
new   1: insert into deposit_02 values('100','ANIL','VRCE','1000','1-MAR-95')
insert into deposit_02 values('100','ANIL','VRCE','1000','1-MAR-95')
*
ERROR at line 1:
ORA-02291: integrity constraint (SYSTEM.SYS_C005289) violated - parent key not 
found 


SQL> desc customer_02;
 Name                                      Null?    Type
 ----------------------------------------- -------- ----------------------------
 CNAME                                     NOT NULL VARCHAR2(20)
 CITY                                               VARCHAR2(20)

SQL> 
SQL> insert into customer_02 values('&cname','&city');
Enter value for cname: ANIL
Enter value for city: KOLKATA
old   1: insert into customer_02 values('&cname','&city')
new   1: insert into customer_02 values('ANIL','KOLKATA')

1 row created.

SQL> desc branch_02;
 Name                                      Null?    Type
 ----------------------------------------- -------- ----------------------------
 BNAME                                     NOT NULL VARCHAR2(20)
 CITY                                               VARCHAR2(20)

SQL> 
SQL> insert into branch_02 values('&bname','&city');
Enter value for bname: VRCE
Enter value for city: NAGPUR
old   1: insert into branch_02 values('&bname','&city')
new   1: insert into branch_02 values('VRCE','NAGPUR')

1 row created.

SQL> /
Enter value for bname: AJNI
Enter value for city: NAGPUR
old   1: insert into branch_02 values('&bname','&city')
new   1: insert into branch_02 values('AJNI','NAGPUR')

1 row created.

SQL> /
Enter value for bname: KAROLBAGH
Enter value for city: DELHI
old   1: insert into branch_02 values('&bname','&city')
new   1: insert into branch_02 values('KAROLBAGH','DELHI')

1 row created.

SQL> /
Enter value for bname: CHANDNI
Enter value for city: DELHI
old   1: insert into branch_02 values('&bname','&city')
new   1: insert into branch_02 values('CHANDNI','DELHI')

1 row created.

SQL> /
Enter value for bname: DHARAMPETH
Enter value for city: NAGPUR
old   1: insert into branch_02 values('&bname','&city')
new   1: insert into branch_02 values('DHARAMPETH','NAGPUR')

1 row created.

SQL> /
Enter value for bname: M.G.ROAD
Enter value for city: BANGLORE
old   1: insert into branch_02 values('&bname','&city')
new   1: insert into branch_02 values('M.G.ROAD','BANGLORE')

1 row created.

SQL> /
Enter value for bname: ANDHERI
Enter value for city: MUMBAI
old   1: insert into branch_02 values('&bname','&city')
new   1: insert into branch_02 values('ANDHERI','MUMBAI')

1 row created.

SQL> /
Enter value for bname: NEHRU
Enter value for city: 12
old   1: insert into branch_02 values('&bname','&city')
new   1: insert into branch_02 values('NEHRU','12')

1 row created.

SQL> delete from branch_02 where bname = NEHRU
  2  ;
delete from branch_02 where bname = NEHRU
                                    *
ERROR at line 1:
ORA-00904: "NEHRU": invalid identifier 


SQL> delete from branch_02 where bname= "NEHRU";
delete from branch_02 where bname= "NEHRU"
                                   *
ERROR at line 1:
ORA-00904: "NEHRU": invalid identifier 


SQL> delete from branch_02 where city = 12;
delete from branch_02 where city = 12
                            *
ERROR at line 1:
ORA-01722: invalid number 


SQL> select * from branch_02;

BNAME                CITY                                                       
-------------------- --------------------                                       
VRCE                 NAGPUR                                                     
AJNI                 NAGPUR                                                     
KAROLBAGH            DELHI                                                      
CHANDNI              DELHI                                                      
DHARAMPETH           NAGPUR                                                     
M.G.ROAD             BANGLORE                                                   
ANDHERI              MUMBAI                                                     
NEHRU                12                                                         

8 rows selected.

SQL> delete from branch_02 where city = 12;
delete from branch_02 where city = 12
                            *
ERROR at line 1:
ORA-01722: invalid number 


SQL> delete from branch_02 where city = '12'
  2  ;

1 row deleted.

SQL> clear screen
SQL> select * from branch_02;

BNAME                CITY                                                       
-------------------- --------------------                                       
VRCE                 NAGPUR                                                     
AJNI                 NAGPUR                                                     
KAROLBAGH            DELHI                                                      
CHANDNI              DELHI                                                      
DHARAMPETH           NAGPUR                                                     
M.G.ROAD             BANGLORE                                                   
ANDHERI              MUMBAI                                                     

7 rows selected.

SQL> 
SQL> insert into branch_02 values('&bname','&city');
Enter value for bname: VIRAR
Enter value for city: MUMBAI
old   1: insert into branch_02 values('&bname','&city')
new   1: insert into branch_02 values('VIRAR','MUMBAI')

1 row created.

SQL> /
Enter value for bname: NEHRU PLACE
Enter value for city: DELHI
old   1: insert into branch_02 values('&bname','&city')
new   1: insert into branch_02 values('NEHRU PLACE','DELHI')

1 row created.

SQL> /
Enter value for bname: POWAI
Enter value for city: MUMBAI
old   1: insert into branch_02 values('&bname','&city')
new   1: insert into branch_02 values('POWAI','MUMBAI')

1 row created.

SQL> SELECT * FROM CUSTOMER_02;

CNAME                CITY                                                       
-------------------- --------------------                                       
ANIL                 KOLKATA                                                    

SQL> insert into customer_02 values('&cname','&city');
Enter value for cname: SUNIL
Enter value for city: DELHI
old   1: insert into customer_02 values('&cname','&city')
new   1: insert into customer_02 values('SUNIL','DELHI')

1 row created.

SQL> /
Enter value for cname: MEHUL
Enter value for city: BARODA
old   1: insert into customer_02 values('&cname','&city')
new   1: insert into customer_02 values('MEHUL','BARODA')

1 row created.

SQL> /
Enter value for cname: MANDAR
Enter value for city: PATNA
old   1: insert into customer_02 values('&cname','&city')
new   1: insert into customer_02 values('MANDAR','PATNA')

1 row created.

SQL> /
Enter value for cname: MADHURI
Enter value for city: NAGPUR
old   1: insert into customer_02 values('&cname','&city')
new   1: insert into customer_02 values('MADHURI','NAGPUR')

1 row created.

SQL> /
Enter value for cname: PRAMOD
Enter value for city: NAGPUR
old   1: insert into customer_02 values('&cname','&city')
new   1: insert into customer_02 values('PRAMOD','NAGPUR')

1 row created.

SQL> /
Enter value for cname: SANDIP
Enter value for city: SURAT
old   1: insert into customer_02 values('&cname','&city')
new   1: insert into customer_02 values('SANDIP','SURAT')

1 row created.

SQL> /
Enter value for cname: SHIVANI
Enter value for city: MUMBAI
old   1: insert into customer_02 values('&cname','&city')
new   1: insert into customer_02 values('SHIVANI','MUMBAI')

1 row created.

SQL> /
Enter value for cname: KRANTI
Enter value for city: MUMBAI
old   1: insert into customer_02 values('&cname','&city')
new   1: insert into customer_02 values('KRANTI','MUMBAI')

1 row created.

SQL> /
Enter value for cname: NAREN
Enter value for city: MUMBAI
old   1: insert into customer_02 values('&cname','&city')
new   1: insert into customer_02 values('NAREN','MUMBAI')

1 row created.

SQL> SELECT * FROM BORROW_02;

no rows selected

SQL> DESC BORROW_02;
 Name                                      Null?    Type
 ----------------------------------------- -------- ----------------------------
 LOANNO                                    NOT NULL VARCHAR2(5)
 CNAME                                     NOT NULL VARCHAR2(18)
 BNAME                                     NOT NULL VARCHAR2(18)
 AMOUNT                                             NUMBER(8,2)

SQL> insert into deposit_02 values('&ac_no','&cname','&bname','&amount','&adate');
Enter value for ac_no: 100
Enter value for cname: ANIL
Enter value for bname: VRCE
Enter value for amount: 1000.00
Enter value for adate: 1-MAR-95
old   1: insert into deposit_02 values('&ac_no','&cname','&bname','&amount','&adate')
new   1: insert into deposit_02 values('100','ANIL','VRCE','1000.00','1-MAR-95')

1 row created.

SQL> /
Enter value for ac_no: 101
Enter value for cname: SUNIL
Enter value for bname: AJNI
Enter value for amount: 5000.00
Enter value for adate: 4-JAN-96
old   1: insert into deposit_02 values('&ac_no','&cname','&bname','&amount','&adate')
new   1: insert into deposit_02 values('101','SUNIL','AJNI','5000.00','4-JAN-96')

1 row created.

SQL> /
Enter value for ac_no: 102
Enter value for cname: MEHUL
Enter value for bname: KAROLBAGH
Enter value for amount: 3500.00
Enter value for adate: 17-NOV-95
old   1: insert into deposit_02 values('&ac_no','&cname','&bname','&amount','&adate')
new   1: insert into deposit_02 values('102','MEHUL','KAROLBAGH','3500.00','17-NOV-95')

1 row created.

SQL> /
Enter value for ac_no: 104
Enter value for cname: MADHURI
Enter value for bname: CHANDNI
Enter value for amount: 1200.00
Enter value for adate: 17-DEC-95
old   1: insert into deposit_02 values('&ac_no','&cname','&bname','&amount','&adate')
new   1: insert into deposit_02 values('104','MADHURI','CHANDNI','1200.00','17-DEC-95')

1 row created.

SQL> /
Enter value for ac_no: 105
Enter value for cname: PRAMOD
Enter value for bname: M.G.ROAD
Enter value for amount: 3000.00
Enter value for adate: 27-MAR-96
old   1: insert into deposit_02 values('&ac_no','&cname','&bname','&amount','&adate')
new   1: insert into deposit_02 values('105','PRAMOD','M.G.ROAD','3000.00','27-MAR-96')

1 row created.

SQL> /
Enter value for ac_no: 106
Enter value for cname: SANDIP
Enter value for bname: ANDHERI
Enter value for amount: 2000.00
Enter value for adate: 31-MAR-96
old   1: insert into deposit_02 values('&ac_no','&cname','&bname','&amount','&adate')
new   1: insert into deposit_02 values('106','SANDIP','ANDHERI','2000.00','31-MAR-96')

1 row created.

SQL> /
Enter value for ac_no: 107
Enter value for cname: SHIVANI
Enter value for bname: VIRAR
Enter value for amount: 1000.00
Enter value for adate: 5-SEP-95
old   1: insert into deposit_02 values('&ac_no','&cname','&bname','&amount','&adate')
new   1: insert into deposit_02 values('107','SHIVANI','VIRAR','1000.00','5-SEP-95')

1 row created.

SQL> /
Enter value for ac_no: 108
Enter value for cname: KRANTI
Enter value for bname: NEHRU PLACE
Enter value for amount: 5000.00
Enter value for adate: 2-JUL-95
old   1: insert into deposit_02 values('&ac_no','&cname','&bname','&amount','&adate')
new   1: insert into deposit_02 values('108','KRANTI','NEHRU PLACE','5000.00','2-JUL-95')

1 row created.

SQL> /
Enter value for ac_no: 109
Enter value for cname: NAREN
Enter value for bname: POWAI
Enter value for amount: 7000.00
Enter value for adate: 10-AUG-95
old   1: insert into deposit_02 values('&ac_no','&cname','&bname','&amount','&adate')
new   1: insert into deposit_02 values('109','NAREN','POWAI','7000.00','10-AUG-95')

1 row created.

SQL> SELECT * FROM BRANCH_02;

BNAME                CITY                                                       
-------------------- --------------------                                       
VRCE                 NAGPUR                                                     
AJNI                 NAGPUR                                                     
KAROLBAGH            DELHI                                                      
CHANDNI              DELHI                                                      
DHARAMPETH           NAGPUR                                                     
M.G.ROAD             BANGLORE                                                   
ANDHERI              MUMBAI                                                     
VIRAR                MUMBAI                                                     
NEHRU PLACE          DELHI                                                      
POWAI                MUMBAI                                                     

10 rows selected.

SQL> SELECT * FROM CUSTOMER_02;

CNAME                CITY                                                       
-------------------- --------------------                                       
ANIL                 KOLKATA                                                    
SUNIL                DELHI                                                      
MEHUL                BARODA                                                     
MANDAR               PATNA                                                      
MADHURI              NAGPUR                                                     
PRAMOD               NAGPUR                                                     
SANDIP               SURAT                                                      
SHIVANI              MUMBAI                                                     
KRANTI               MUMBAI                                                     
NAREN                MUMBAI                                                     

10 rows selected.

SQL> SELECT * FROM DEPOSIT_02;

AC_NO CNAME              BNAME                  AMOUNT ADATE                    
----- ------------------ ------------------ ---------- ---------                
100   ANIL               VRCE                     1000 01-MAR-95                
101   SUNIL              AJNI                     5000 04-JAN-96                
102   MEHUL              KAROLBAGH                3500 17-NOV-95                
104   MADHURI            CHANDNI                  1200 17-DEC-95                
105   PRAMOD             M.G.ROAD                 3000 27-MAR-96                
106   SANDIP             ANDHERI                  2000 31-MAR-96                
107   SHIVANI            VIRAR                    1000 05-SEP-95                
108   KRANTI             NEHRU PLACE              5000 02-JUL-95                
109   NAREN              POWAI                    7000 10-AUG-95                

9 rows selected.

SQL> SELECT * FROM BORROW_02L
  2  ;
SELECT * FROM BORROW_02L
              *
ERROR at line 1:
ORA-00942: table or view does not exist 


SQL> SELECT * FROM BORROW_02;

no rows selected

SQL> desc BORROW_02;
 Name                                      Null?    Type
 ----------------------------------------- -------- ----------------------------
 LOANNO                                    NOT NULL VARCHAR2(5)
 CNAME                                     NOT NULL VARCHAR2(18)
 BNAME                                     NOT NULL VARCHAR2(18)
 AMOUNT                                             NUMBER(8,2)

SQL> insert into borrow_02 values('&loanno','&cname','&bname','&amount');
Enter value for loanno: 201
Enter value for cname: ANIL
Enter value for bname: VRCE
Enter value for amount: 1000.00
old   1: insert into borrow_02 values('&loanno','&cname','&bname','&amount')
new   1: insert into borrow_02 values('201','ANIL','VRCE','1000.00')

1 row created.

SQL> /
Enter value for loanno: 206
Enter value for cname: MEHUL
Enter value for bname: AJNI
Enter value for amount: 5000.00
old   1: insert into borrow_02 values('&loanno','&cname','&bname','&amount')
new   1: insert into borrow_02 values('206','MEHUL','AJNI','5000.00')

1 row created.

SQL> /
Enter value for loanno: 311
Enter value for cname: SUNIL
Enter value for bname: DHARAMPETH
Enter value for amount: 3000.00
old   1: insert into borrow_02 values('&loanno','&cname','&bname','&amount')
new   1: insert into borrow_02 values('311','SUNIL','DHARAMPETH','3000.00')

1 row created.

SQL> /
Enter value for loanno: 321
Enter value for cname: MADHURI
Enter value for bname: ANDHERI
Enter value for amount: 2000.00
old   1: insert into borrow_02 values('&loanno','&cname','&bname','&amount')
new   1: insert into borrow_02 values('321','MADHURI','ANDHERI','2000.00')

1 row created.

SQL> /
Enter value for loanno: 375
Enter value for cname: PRAMOD
Enter value for bname: VIRAR
Enter value for amount: 8000.00
old   1: insert into borrow_02 values('&loanno','&cname','&bname','&amount')
new   1: insert into borrow_02 values('375','PRAMOD','VIRAR','8000.00')

1 row created.

SQL> /
Enter value for loanno: 481
Enter value for cname: KRANTI
Enter value for bname: NEHRU PLACE
Enter value for amount: 3000.00
old   1: insert into borrow_02 values('&loanno','&cname','&bname','&amount')
new   1: insert into borrow_02 values('481','KRANTI','NEHRU PLACE','3000.00')

1 row created.

SQL> SELECT * FROM BORROW_02;

LOANN CNAME              BNAME                  AMOUNT                          
----- ------------------ ------------------ ----------                          
201   ANIL               VRCE                     1000                          
206   MEHUL              AJNI                     5000                          
311   SUNIL              DHARAMPETH               3000                          
321   MADHURI            ANDHERI                  2000                          
375   PRAMOD             VIRAR                    8000                          
481   KRANTI             NEHRU PLACE              3000                          

6 rows selected.

SQL> SELECT * FROM STUDENT_02L
  2  ;
SELECT * FROM STUDENT_02L
              *
ERROR at line 1:
ORA-00942: table or view does not exist 


SQL> SELECT * FROM STUDENT_02;

        ID NAME                      CLASS                                      
---------- ------------------------- -------------------------                  
COLLEGE                                                                         
-------------------------                                                       
         1 Hammad                    SYMCA                                      
SPIT                                                                            
                                                                                

SQL> DESC STUDENT_02;
 Name                                      Null?    Type
 ----------------------------------------- -------- ----------------------------
 ID                                        NOT NULL NUMBER(3)
 NAME                                               VARCHAR2(25)
 CLASS                                              VARCHAR2(25)
 COLLEGE                                            VARCHAR2(25)

SQL> ALTER TABLE STUDENT_02 MODIFY NAME VARCHAR2(40) NOT NULL;

Table altered.

SQL> DESC STUDENT_02;
 Name                                      Null?    Type
 ----------------------------------------- -------- ----------------------------
 ID                                        NOT NULL NUMBER(3)
 NAME                                      NOT NULL VARCHAR2(40)
 CLASS                                              VARCHAR2(25)
 COLLEGE                                            VARCHAR2(25)

SQL> ALTER TABLE STUDENT_02 ADD CONSTRAINT CHK1 CHECK (ID<10);

Table altered.

SQL> ALTER TABLE STUDENT_02 ADD CONSTRAINT UK1 UNIQUE KEY (CITY);
ALTER TABLE STUDENT_02 ADD CONSTRAINT UK1 UNIQUE KEY (CITY)
                                                 *
ERROR at line 1:
ORA-00906: missing left parenthesis 


SQL> ALTER TABLE STUDENT_02 ADD CONSTRAINT UK1 UNIQUE (KEY);
ALTER TABLE STUDENT_02 ADD CONSTRAINT UK1 UNIQUE (KEY)
                                                  *
ERROR at line 1:
ORA-00904: "KEY": invalid identifier 


SQL> ALTER TABLE STUDENT_02 ADD CONSTRAINT UK1 UNIQUE (CITY);
ALTER TABLE STUDENT_02 ADD CONSTRAINT UK1 UNIQUE (CITY)
                                                  *
ERROR at line 1:
ORA-00904: "CITY": invalid identifier 


SQL> ALTER TABLE STUDENT_02 ADD CONSTRAINT UK1 UNIQUE (COLLEGE);

Table altered.

SQL> CREATE TABLE CLASS( CLASS VARCHAR2(25));

Table created.

SQL> DESC CLASS
 Name                                      Null?    Type
 ----------------------------------------- -------- ----------------------------
 CLASS                                              VARCHAR2(25)

SQL> ALTER TABLE STUDENT_02 ADD CONSTRAINT FK2 FOREIGN KEY(CLASS) REFERENCES CLASS;
ALTER TABLE STUDENT_02 ADD CONSTRAINT FK2 FOREIGN KEY(CLASS) REFERENCES CLASS
                                                                        *
ERROR at line 1:
ORA-02268: referenced table does not have a primary key 


SQL> ALTER TABLE CLASS ADD CONSTRAINT PK PRIMARY KEY(CLASS);
ALTER TABLE CLASS ADD CONSTRAINT PK PRIMARY KEY(CLASS)
                                 *
ERROR at line 1:
ORA-02264: name already used by an existing constraint 


SQL> ALTER TABLE CLASS ADD CONSTRAINT C PRIMARY KEY(CLASS);

Table altered.

SQL> ALTER TABLE STUDENT_02 ADD CONSTRAINT FK2 FOREIGN KEY(CLASS) REFERENCES CLASS;
ALTER TABLE STUDENT_02 ADD CONSTRAINT FK2 FOREIGN KEY(CLASS) REFERENCES CLASS
                                      *
ERROR at line 1:
ORA-02298: cannot validate (SYSTEM.FK2) - parent keys not found 


SQL> DESC CLASS
 Name                                      Null?    Type
 ----------------------------------------- -------- ----------------------------
 CLASS                                     NOT NULL VARCHAR2(25)

SQL> INSERT INTO CLASS VALUE('FYMCA');
INSERT INTO CLASS VALUE('FYMCA')
                        *
ERROR at line 1:
ORA-00928: missing SELECT keyword 


SQL> INSERT INTO CLASS VALUES ('FYMCA');

1 row created.

SQL> ALTER TABLE STUDENT_02 ADD CONSTRAINT FK2 FOREIGN KEY(CLASS) REFERENCES CLASS;
ALTER TABLE STUDENT_02 ADD CONSTRAINT FK2 FOREIGN KEY(CLASS) REFERENCES CLASS
                                      *
ERROR at line 1:
ORA-02298: cannot validate (SYSTEM.FK2) - parent keys not found 


SQL> CREATE TABLE STUDENT_NEW_02 AS STUDENT_02;
CREATE TABLE STUDENT_NEW_02 AS STUDENT_02
                               *
ERROR at line 1:
ORA-00928: missing SELECT keyword 


SQL> CREATE TABLE STUDENT_NEW_02 AS SELECT CLASS FROM STUDENT_02;

Table created.

SQL> SELECT * FROM STUDENT_NEW_02;

CLASS                                                                           
-------------------------                                                       
SYMCA                                                                           

SQL> INSERT INTO CLASS VALUES ('SYMCA');

1 row created.

SQL>  ALTER TABLE STUDENT_02 ADD CONSTRAINT FK2 FOREIGN KEY(CLASS) REFERENCES CLASS;

Table altered.

SQL> COMMIT;

Commit complete.

SQL> CREATE USER HAMMAD IDENTIFIED BY ABC123;
CREATE USER HAMMAD IDENTIFIED BY ABC123
            *
ERROR at line 1:
ORA-01920: user name 'HAMMAD' conflicts with another user or role name 


SQL> GRANT CREATE SESSION TO HAMMAD;

Grant succeeded.

SQL> SELECT * DBA_USER;
SELECT * DBA_USER
         *
ERROR at line 1:
ORA-00923: FROM keyword not found where expected 


SQL> SELECT * FROM DBA_USER;
SELECT * FROM DBA_USER
              *
ERROR at line 1:
ORA-00942: table or view does not exist 


SQL> SELECT * FROM DBA_USERS;

USERNAME                          USER_ID PASSWORD                              
------------------------------ ---------- ------------------------------        
ACCOUNT_STATUS                   LOCK_DATE EXPIRY_DA                            
-------------------------------- --------- ---------                            
DEFAULT_TABLESPACE             TEMPORARY_TABLESPACE           CREATED           
------------------------------ ------------------------------ ---------         
PROFILE                        INITIAL_RSRC_CONSUMER_GROUP                      
------------------------------ ------------------------------                   
EXTERNAL_NAME                                                                   
--------------------------------------------------------------------------------
MGMT_VIEW                              53 DD490A9920CC144A                      
OPEN                                                                            
SYSTEM                         TEMP                           11-JUL-19         

USERNAME                          USER_ID PASSWORD                              
------------------------------ ---------- ------------------------------        
ACCOUNT_STATUS                   LOCK_DATE EXPIRY_DA                            
-------------------------------- --------- ---------                            
DEFAULT_TABLESPACE             TEMPORARY_TABLESPACE           CREATED           
------------------------------ ------------------------------ ---------         
PROFILE                        INITIAL_RSRC_CONSUMER_GROUP                      
------------------------------ ------------------------------                   
EXTERNAL_NAME                                                                   
--------------------------------------------------------------------------------
DEFAULT                        DEFAULT_CONSUMER_GROUP                           
                                                                                
                                                                                

USERNAME                          USER_ID PASSWORD                              
------------------------------ ---------- ------------------------------        
ACCOUNT_STATUS                   LOCK_DATE EXPIRY_DA                            
-------------------------------- --------- ---------                            
DEFAULT_TABLESPACE             TEMPORARY_TABLESPACE           CREATED           
------------------------------ ------------------------------ ---------         
PROFILE                        INITIAL_RSRC_CONSUMER_GROUP                      
------------------------------ ------------------------------                   
EXTERNAL_NAME                                                                   
--------------------------------------------------------------------------------
SYS                                     0 8A8F025737A9097A                      
OPEN                                                                            
SYSTEM                         TEMP                           11-JUL-19         

USERNAME                          USER_ID PASSWORD                              
------------------------------ ---------- ------------------------------        
ACCOUNT_STATUS                   LOCK_DATE EXPIRY_DA                            
-------------------------------- --------- ---------                            
DEFAULT_TABLESPACE             TEMPORARY_TABLESPACE           CREATED           
------------------------------ ------------------------------ ---------         
PROFILE                        INITIAL_RSRC_CONSUMER_GROUP                      
------------------------------ ------------------------------                   
EXTERNAL_NAME                                                                   
--------------------------------------------------------------------------------
DEFAULT                        SYS_GROUP                                        
                                                                                
                                                                                

USERNAME                          USER_ID PASSWORD                              
------------------------------ ---------- ------------------------------        
ACCOUNT_STATUS                   LOCK_DATE EXPIRY_DA                            
-------------------------------- --------- ---------                            
DEFAULT_TABLESPACE             TEMPORARY_TABLESPACE           CREATED           
------------------------------ ------------------------------ ---------         
PROFILE                        INITIAL_RSRC_CONSUMER_GROUP                      
------------------------------ ------------------------------                   
EXTERNAL_NAME                                                                   
--------------------------------------------------------------------------------
SYSTEM                                  5 2D594E86F93B17A1                      
OPEN                                                                            
SYSTEM                         TEMP                           11-JUL-19         

USERNAME                          USER_ID PASSWORD                              
------------------------------ ---------- ------------------------------        
ACCOUNT_STATUS                   LOCK_DATE EXPIRY_DA                            
-------------------------------- --------- ---------                            
DEFAULT_TABLESPACE             TEMPORARY_TABLESPACE           CREATED           
------------------------------ ------------------------------ ---------         
PROFILE                        INITIAL_RSRC_CONSUMER_GROUP                      
------------------------------ ------------------------------                   
EXTERNAL_NAME                                                                   
--------------------------------------------------------------------------------
DEFAULT                        SYS_GROUP                                        
                                                                                
                                                                                

USERNAME                          USER_ID PASSWORD                              
------------------------------ ---------- ------------------------------        
ACCOUNT_STATUS                   LOCK_DATE EXPIRY_DA                            
-------------------------------- --------- ---------                            
DEFAULT_TABLESPACE             TEMPORARY_TABLESPACE           CREATED           
------------------------------ ------------------------------ ---------         
PROFILE                        INITIAL_RSRC_CONSUMER_GROUP                      
------------------------------ ------------------------------                   
EXTERNAL_NAME                                                                   
--------------------------------------------------------------------------------
DBSNMP                                 24 FFF45BB2C0C327EC                      
OPEN                                                                            
SYSAUX                         TEMP                           11-JUL-19         

USERNAME                          USER_ID PASSWORD                              
------------------------------ ---------- ------------------------------        
ACCOUNT_STATUS                   LOCK_DATE EXPIRY_DA                            
-------------------------------- --------- ---------                            
DEFAULT_TABLESPACE             TEMPORARY_TABLESPACE           CREATED           
------------------------------ ------------------------------ ---------         
PROFILE                        INITIAL_RSRC_CONSUMER_GROUP                      
------------------------------ ------------------------------                   
EXTERNAL_NAME                                                                   
--------------------------------------------------------------------------------
DEFAULT                        DEFAULT_CONSUMER_GROUP                           
                                                                                
                                                                                

USERNAME                          USER_ID PASSWORD                              
------------------------------ ---------- ------------------------------        
ACCOUNT_STATUS                   LOCK_DATE EXPIRY_DA                            
-------------------------------- --------- ---------                            
DEFAULT_TABLESPACE             TEMPORARY_TABLESPACE           CREATED           
------------------------------ ------------------------------ ---------         
PROFILE                        INITIAL_RSRC_CONSUMER_GROUP                      
------------------------------ ------------------------------                   
EXTERNAL_NAME                                                                   
--------------------------------------------------------------------------------
SYSMAN                                 51 2CA614501F09FCCC                      
OPEN                                                                            
SYSAUX                         TEMP                           11-JUL-19         

USERNAME                          USER_ID PASSWORD                              
------------------------------ ---------- ------------------------------        
ACCOUNT_STATUS                   LOCK_DATE EXPIRY_DA                            
-------------------------------- --------- ---------                            
DEFAULT_TABLESPACE             TEMPORARY_TABLESPACE           CREATED           
------------------------------ ------------------------------ ---------         
PROFILE                        INITIAL_RSRC_CONSUMER_GROUP                      
------------------------------ ------------------------------                   
EXTERNAL_NAME                                                                   
--------------------------------------------------------------------------------
DEFAULT                        DEFAULT_CONSUMER_GROUP                           
                                                                                
                                                                                

USERNAME                          USER_ID PASSWORD                              
------------------------------ ---------- ------------------------------        
ACCOUNT_STATUS                   LOCK_DATE EXPIRY_DA                            
-------------------------------- --------- ---------                            
DEFAULT_TABLESPACE             TEMPORARY_TABLESPACE           CREATED           
------------------------------ ------------------------------ ---------         
PROFILE                        INITIAL_RSRC_CONSUMER_GROUP                      
------------------------------ ------------------------------                   
EXTERNAL_NAME                                                                   
--------------------------------------------------------------------------------
HAMMAD                                 54 7E60C01CA87D2543                      
OPEN                                                                            
USERS                          TEMP                           18-JUL-19         

USERNAME                          USER_ID PASSWORD                              
------------------------------ ---------- ------------------------------        
ACCOUNT_STATUS                   LOCK_DATE EXPIRY_DA                            
-------------------------------- --------- ---------                            
DEFAULT_TABLESPACE             TEMPORARY_TABLESPACE           CREATED           
------------------------------ ------------------------------ ---------         
PROFILE                        INITIAL_RSRC_CONSUMER_GROUP                      
------------------------------ ------------------------------                   
EXTERNAL_NAME                                                                   
--------------------------------------------------------------------------------
DEFAULT                        DEFAULT_CONSUMER_GROUP                           
                                                                                
                                                                                

USERNAME                          USER_ID PASSWORD                              
------------------------------ ---------- ------------------------------        
ACCOUNT_STATUS                   LOCK_DATE EXPIRY_DA                            
-------------------------------- --------- ---------                            
DEFAULT_TABLESPACE             TEMPORARY_TABLESPACE           CREATED           
------------------------------ ------------------------------ ---------         
PROFILE                        INITIAL_RSRC_CONSUMER_GROUP                      
------------------------------ ------------------------------                   
EXTERNAL_NAME                                                                   
--------------------------------------------------------------------------------
OUTLN                                  11 4A3BA55E08595C81                      
EXPIRED & LOCKED                 11-JUL-19 11-JUL-19                            
SYSTEM                         TEMP                           11-JUL-19         

USERNAME                          USER_ID PASSWORD                              
------------------------------ ---------- ------------------------------        
ACCOUNT_STATUS                   LOCK_DATE EXPIRY_DA                            
-------------------------------- --------- ---------                            
DEFAULT_TABLESPACE             TEMPORARY_TABLESPACE           CREATED           
------------------------------ ------------------------------ ---------         
PROFILE                        INITIAL_RSRC_CONSUMER_GROUP                      
------------------------------ ------------------------------                   
EXTERNAL_NAME                                                                   
--------------------------------------------------------------------------------
DEFAULT                        DEFAULT_CONSUMER_GROUP                           
                                                                                
                                                                                

USERNAME                          USER_ID PASSWORD                              
------------------------------ ---------- ------------------------------        
ACCOUNT_STATUS                   LOCK_DATE EXPIRY_DA                            
-------------------------------- --------- ---------                            
DEFAULT_TABLESPACE             TEMPORARY_TABLESPACE           CREATED           
------------------------------ ------------------------------ ---------         
PROFILE                        INITIAL_RSRC_CONSUMER_GROUP                      
------------------------------ ------------------------------                   
EXTERNAL_NAME                                                                   
--------------------------------------------------------------------------------
MDSYS                                  46 72979A94BAD2AF80                      
EXPIRED & LOCKED                 11-JUL-19 11-JUL-19                            
SYSAUX                         TEMP                           11-JUL-19         

USERNAME                          USER_ID PASSWORD                              
------------------------------ ---------- ------------------------------        
ACCOUNT_STATUS                   LOCK_DATE EXPIRY_DA                            
-------------------------------- --------- ---------                            
DEFAULT_TABLESPACE             TEMPORARY_TABLESPACE           CREATED           
------------------------------ ------------------------------ ---------         
PROFILE                        INITIAL_RSRC_CONSUMER_GROUP                      
------------------------------ ------------------------------                   
EXTERNAL_NAME                                                                   
--------------------------------------------------------------------------------
DEFAULT                        DEFAULT_CONSUMER_GROUP                           
                                                                                
                                                                                

USERNAME                          USER_ID PASSWORD                              
------------------------------ ---------- ------------------------------        
ACCOUNT_STATUS                   LOCK_DATE EXPIRY_DA                            
-------------------------------- --------- ---------                            
DEFAULT_TABLESPACE             TEMPORARY_TABLESPACE           CREATED           
------------------------------ ------------------------------ ---------         
PROFILE                        INITIAL_RSRC_CONSUMER_GROUP                      
------------------------------ ------------------------------                   
EXTERNAL_NAME                                                                   
--------------------------------------------------------------------------------
ORDSYS                                 43 7EFA02EC7EA6B86F                      
EXPIRED & LOCKED                 11-JUL-19 11-JUL-19                            
SYSAUX                         TEMP                           11-JUL-19         

USERNAME                          USER_ID PASSWORD                              
------------------------------ ---------- ------------------------------        
ACCOUNT_STATUS                   LOCK_DATE EXPIRY_DA                            
-------------------------------- --------- ---------                            
DEFAULT_TABLESPACE             TEMPORARY_TABLESPACE           CREATED           
------------------------------ ------------------------------ ---------         
PROFILE                        INITIAL_RSRC_CONSUMER_GROUP                      
------------------------------ ------------------------------                   
EXTERNAL_NAME                                                                   
--------------------------------------------------------------------------------
DEFAULT                        DEFAULT_CONSUMER_GROUP                           
                                                                                
                                                                                

USERNAME                          USER_ID PASSWORD                              
------------------------------ ---------- ------------------------------        
ACCOUNT_STATUS                   LOCK_DATE EXPIRY_DA                            
-------------------------------- --------- ---------                            
DEFAULT_TABLESPACE             TEMPORARY_TABLESPACE           CREATED           
------------------------------ ------------------------------ ---------         
PROFILE                        INITIAL_RSRC_CONSUMER_GROUP                      
------------------------------ ------------------------------                   
EXTERNAL_NAME                                                                   
--------------------------------------------------------------------------------
CTXSYS                                 36 71E687F036AD56E5                      
EXPIRED & LOCKED                 11-JUL-19 11-JUL-19                            
SYSAUX                         TEMP                           11-JUL-19         

USERNAME                          USER_ID PASSWORD                              
------------------------------ ---------- ------------------------------        
ACCOUNT_STATUS                   LOCK_DATE EXPIRY_DA                            
-------------------------------- --------- ---------                            
DEFAULT_TABLESPACE             TEMPORARY_TABLESPACE           CREATED           
------------------------------ ------------------------------ ---------         
PROFILE                        INITIAL_RSRC_CONSUMER_GROUP                      
------------------------------ ------------------------------                   
EXTERNAL_NAME                                                                   
--------------------------------------------------------------------------------
DEFAULT                        DEFAULT_CONSUMER_GROUP                           
                                                                                
                                                                                

USERNAME                          USER_ID PASSWORD                              
------------------------------ ---------- ------------------------------        
ACCOUNT_STATUS                   LOCK_DATE EXPIRY_DA                            
-------------------------------- --------- ---------                            
DEFAULT_TABLESPACE             TEMPORARY_TABLESPACE           CREATED           
------------------------------ ------------------------------ ---------         
PROFILE                        INITIAL_RSRC_CONSUMER_GROUP                      
------------------------------ ------------------------------                   
EXTERNAL_NAME                                                                   
--------------------------------------------------------------------------------
ANONYMOUS                              39 anonymous                             
EXPIRED & LOCKED                 11-JUL-19 11-JUL-19                            
SYSAUX                         TEMP                           11-JUL-19         

USERNAME                          USER_ID PASSWORD                              
------------------------------ ---------- ------------------------------        
ACCOUNT_STATUS                   LOCK_DATE EXPIRY_DA                            
-------------------------------- --------- ---------                            
DEFAULT_TABLESPACE             TEMPORARY_TABLESPACE           CREATED           
------------------------------ ------------------------------ ---------         
PROFILE                        INITIAL_RSRC_CONSUMER_GROUP                      
------------------------------ ------------------------------                   
EXTERNAL_NAME                                                                   
--------------------------------------------------------------------------------
DEFAULT                        DEFAULT_CONSUMER_GROUP                           
                                                                                
                                                                                

USERNAME                          USER_ID PASSWORD                              
------------------------------ ---------- ------------------------------        
ACCOUNT_STATUS                   LOCK_DATE EXPIRY_DA                            
-------------------------------- --------- ---------                            
DEFAULT_TABLESPACE             TEMPORARY_TABLESPACE           CREATED           
------------------------------ ------------------------------ ---------         
PROFILE                        INITIAL_RSRC_CONSUMER_GROUP                      
------------------------------ ------------------------------                   
EXTERNAL_NAME                                                                   
--------------------------------------------------------------------------------
EXFSYS                                 34 66F4EF5650C20355                      
EXPIRED & LOCKED                 11-JUL-19 11-JUL-19                            
SYSAUX                         TEMP                           11-JUL-19         

USERNAME                          USER_ID PASSWORD                              
------------------------------ ---------- ------------------------------        
ACCOUNT_STATUS                   LOCK_DATE EXPIRY_DA                            
-------------------------------- --------- ---------                            
DEFAULT_TABLESPACE             TEMPORARY_TABLESPACE           CREATED           
------------------------------ ------------------------------ ---------         
PROFILE                        INITIAL_RSRC_CONSUMER_GROUP                      
------------------------------ ------------------------------                   
EXTERNAL_NAME                                                                   
--------------------------------------------------------------------------------
DEFAULT                        DEFAULT_CONSUMER_GROUP                           
                                                                                
                                                                                

USERNAME                          USER_ID PASSWORD                              
------------------------------ ---------- ------------------------------        
ACCOUNT_STATUS                   LOCK_DATE EXPIRY_DA                            
-------------------------------- --------- ---------                            
DEFAULT_TABLESPACE             TEMPORARY_TABLESPACE           CREATED           
------------------------------ ------------------------------ ---------         
PROFILE                        INITIAL_RSRC_CONSUMER_GROUP                      
------------------------------ ------------------------------                   
EXTERNAL_NAME                                                                   
--------------------------------------------------------------------------------
DMSYS                                  35 BFBA5A553FD9E28A                      
EXPIRED & LOCKED                 11-JUL-19 11-JUL-19                            
SYSAUX                         TEMP                           11-JUL-19         

USERNAME                          USER_ID PASSWORD                              
------------------------------ ---------- ------------------------------        
ACCOUNT_STATUS                   LOCK_DATE EXPIRY_DA                            
-------------------------------- --------- ---------                            
DEFAULT_TABLESPACE             TEMPORARY_TABLESPACE           CREATED           
------------------------------ ------------------------------ ---------         
PROFILE                        INITIAL_RSRC_CONSUMER_GROUP                      
------------------------------ ------------------------------                   
EXTERNAL_NAME                                                                   
--------------------------------------------------------------------------------
DEFAULT                        DEFAULT_CONSUMER_GROUP                           
                                                                                
                                                                                

USERNAME                          USER_ID PASSWORD                              
------------------------------ ---------- ------------------------------        
ACCOUNT_STATUS                   LOCK_DATE EXPIRY_DA                            
-------------------------------- --------- ---------                            
DEFAULT_TABLESPACE             TEMPORARY_TABLESPACE           CREATED           
------------------------------ ------------------------------ ---------         
PROFILE                        INITIAL_RSRC_CONSUMER_GROUP                      
------------------------------ ------------------------------                   
EXTERNAL_NAME                                                                   
--------------------------------------------------------------------------------
WMSYS                                  25 7C9BA362F8314299                      
EXPIRED & LOCKED                 11-JUL-19 11-JUL-19                            
SYSAUX                         TEMP                           11-JUL-19         

USERNAME                          USER_ID PASSWORD                              
------------------------------ ---------- ------------------------------        
ACCOUNT_STATUS                   LOCK_DATE EXPIRY_DA                            
-------------------------------- --------- ---------                            
DEFAULT_TABLESPACE             TEMPORARY_TABLESPACE           CREATED           
------------------------------ ------------------------------ ---------         
PROFILE                        INITIAL_RSRC_CONSUMER_GROUP                      
------------------------------ ------------------------------                   
EXTERNAL_NAME                                                                   
--------------------------------------------------------------------------------
DEFAULT                        DEFAULT_CONSUMER_GROUP                           
                                                                                
                                                                                

USERNAME                          USER_ID PASSWORD                              
------------------------------ ---------- ------------------------------        
ACCOUNT_STATUS                   LOCK_DATE EXPIRY_DA                            
-------------------------------- --------- ---------                            
DEFAULT_TABLESPACE             TEMPORARY_TABLESPACE           CREATED           
------------------------------ ------------------------------ ---------         
PROFILE                        INITIAL_RSRC_CONSUMER_GROUP                      
------------------------------ ------------------------------                   
EXTERNAL_NAME                                                                   
--------------------------------------------------------------------------------
XDB                                    38 88D8364765FCE6AF                      
EXPIRED & LOCKED                 11-JUL-19 11-JUL-19                            
SYSAUX                         TEMP                           11-JUL-19         

USERNAME                          USER_ID PASSWORD                              
------------------------------ ---------- ------------------------------        
ACCOUNT_STATUS                   LOCK_DATE EXPIRY_DA                            
-------------------------------- --------- ---------                            
DEFAULT_TABLESPACE             TEMPORARY_TABLESPACE           CREATED           
------------------------------ ------------------------------ ---------         
PROFILE                        INITIAL_RSRC_CONSUMER_GROUP                      
------------------------------ ------------------------------                   
EXTERNAL_NAME                                                                   
--------------------------------------------------------------------------------
DEFAULT                        DEFAULT_CONSUMER_GROUP                           
                                                                                
                                                                                

USERNAME                          USER_ID PASSWORD                              
------------------------------ ---------- ------------------------------        
ACCOUNT_STATUS                   LOCK_DATE EXPIRY_DA                            
-------------------------------- --------- ---------                            
DEFAULT_TABLESPACE             TEMPORARY_TABLESPACE           CREATED           
------------------------------ ------------------------------ ---------         
PROFILE                        INITIAL_RSRC_CONSUMER_GROUP                      
------------------------------ ------------------------------                   
EXTERNAL_NAME                                                                   
--------------------------------------------------------------------------------
ORDPLUGINS                             44 88A2B2C183431F00                      
EXPIRED & LOCKED                 11-JUL-19 11-JUL-19                            
SYSAUX                         TEMP                           11-JUL-19         

USERNAME                          USER_ID PASSWORD                              
------------------------------ ---------- ------------------------------        
ACCOUNT_STATUS                   LOCK_DATE EXPIRY_DA                            
-------------------------------- --------- ---------                            
DEFAULT_TABLESPACE             TEMPORARY_TABLESPACE           CREATED           
------------------------------ ------------------------------ ---------         
PROFILE                        INITIAL_RSRC_CONSUMER_GROUP                      
------------------------------ ------------------------------                   
EXTERNAL_NAME                                                                   
--------------------------------------------------------------------------------
DEFAULT                        DEFAULT_CONSUMER_GROUP                           
                                                                                
                                                                                

USERNAME                          USER_ID PASSWORD                              
------------------------------ ---------- ------------------------------        
ACCOUNT_STATUS                   LOCK_DATE EXPIRY_DA                            
-------------------------------- --------- ---------                            
DEFAULT_TABLESPACE             TEMPORARY_TABLESPACE           CREATED           
------------------------------ ------------------------------ ---------         
PROFILE                        INITIAL_RSRC_CONSUMER_GROUP                      
------------------------------ ------------------------------                   
EXTERNAL_NAME                                                                   
--------------------------------------------------------------------------------
SI_INFORMTN_SCHEMA                     45 84B8CBCA4D477FA3                      
EXPIRED & LOCKED                 11-JUL-19 11-JUL-19                            
SYSAUX                         TEMP                           11-JUL-19         

USERNAME                          USER_ID PASSWORD                              
------------------------------ ---------- ------------------------------        
ACCOUNT_STATUS                   LOCK_DATE EXPIRY_DA                            
-------------------------------- --------- ---------                            
DEFAULT_TABLESPACE             TEMPORARY_TABLESPACE           CREATED           
------------------------------ ------------------------------ ---------         
PROFILE                        INITIAL_RSRC_CONSUMER_GROUP                      
------------------------------ ------------------------------                   
EXTERNAL_NAME                                                                   
--------------------------------------------------------------------------------
DEFAULT                        DEFAULT_CONSUMER_GROUP                           
                                                                                
                                                                                

USERNAME                          USER_ID PASSWORD                              
------------------------------ ---------- ------------------------------        
ACCOUNT_STATUS                   LOCK_DATE EXPIRY_DA                            
-------------------------------- --------- ---------                            
DEFAULT_TABLESPACE             TEMPORARY_TABLESPACE           CREATED           
------------------------------ ------------------------------ ---------         
PROFILE                        INITIAL_RSRC_CONSUMER_GROUP                      
------------------------------ ------------------------------                   
EXTERNAL_NAME                                                                   
--------------------------------------------------------------------------------
OLAPSYS                                47 3FB8EF9DB538647C                      
EXPIRED & LOCKED                 11-JUL-19 11-JUL-19                            
SYSAUX                         TEMP                           11-JUL-19         

USERNAME                          USER_ID PASSWORD                              
------------------------------ ---------- ------------------------------        
ACCOUNT_STATUS                   LOCK_DATE EXPIRY_DA                            
-------------------------------- --------- ---------                            
DEFAULT_TABLESPACE             TEMPORARY_TABLESPACE           CREATED           
------------------------------ ------------------------------ ---------         
PROFILE                        INITIAL_RSRC_CONSUMER_GROUP                      
------------------------------ ------------------------------                   
EXTERNAL_NAME                                                                   
--------------------------------------------------------------------------------
DEFAULT                        DEFAULT_CONSUMER_GROUP                           
                                                                                
                                                                                

USERNAME                          USER_ID PASSWORD                              
------------------------------ ---------- ------------------------------        
ACCOUNT_STATUS                   LOCK_DATE EXPIRY_DA                            
-------------------------------- --------- ---------                            
DEFAULT_TABLESPACE             TEMPORARY_TABLESPACE           CREATED           
------------------------------ ------------------------------ ---------         
PROFILE                        INITIAL_RSRC_CONSUMER_GROUP                      
------------------------------ ------------------------------                   
EXTERNAL_NAME                                                                   
--------------------------------------------------------------------------------
MDDATA                                 50 DF02A496267DEE66                      
EXPIRED & LOCKED                 11-JUL-19 11-JUL-19                            
USERS                          TEMP                           11-JUL-19         

USERNAME                          USER_ID PASSWORD                              
------------------------------ ---------- ------------------------------        
ACCOUNT_STATUS                   LOCK_DATE EXPIRY_DA                            
-------------------------------- --------- ---------                            
DEFAULT_TABLESPACE             TEMPORARY_TABLESPACE           CREATED           
------------------------------ ------------------------------ ---------         
PROFILE                        INITIAL_RSRC_CONSUMER_GROUP                      
------------------------------ ------------------------------                   
EXTERNAL_NAME                                                                   
--------------------------------------------------------------------------------
DEFAULT                        DEFAULT_CONSUMER_GROUP                           
                                                                                
                                                                                

USERNAME                          USER_ID PASSWORD                              
------------------------------ ---------- ------------------------------        
ACCOUNT_STATUS                   LOCK_DATE EXPIRY_DA                            
-------------------------------- --------- ---------                            
DEFAULT_TABLESPACE             TEMPORARY_TABLESPACE           CREATED           
------------------------------ ------------------------------ ---------         
PROFILE                        INITIAL_RSRC_CONSUMER_GROUP                      
------------------------------ ------------------------------                   
EXTERNAL_NAME                                                                   
--------------------------------------------------------------------------------
DIP                                    19 CE4A36B8E06CA59C                      
EXPIRED & LOCKED                 11-JUL-19                                      
USERS                          TEMP                           11-JUL-19         

USERNAME                          USER_ID PASSWORD                              
------------------------------ ---------- ------------------------------        
ACCOUNT_STATUS                   LOCK_DATE EXPIRY_DA                            
-------------------------------- --------- ---------                            
DEFAULT_TABLESPACE             TEMPORARY_TABLESPACE           CREATED           
------------------------------ ------------------------------ ---------         
PROFILE                        INITIAL_RSRC_CONSUMER_GROUP                      
------------------------------ ------------------------------                   
EXTERNAL_NAME                                                                   
--------------------------------------------------------------------------------
DEFAULT                        DEFAULT_CONSUMER_GROUP                           
                                                                                
                                                                                

USERNAME                          USER_ID PASSWORD                              
------------------------------ ---------- ------------------------------        
ACCOUNT_STATUS                   LOCK_DATE EXPIRY_DA                            
-------------------------------- --------- ---------                            
DEFAULT_TABLESPACE             TEMPORARY_TABLESPACE           CREATED           
------------------------------ ------------------------------ ---------         
PROFILE                        INITIAL_RSRC_CONSUMER_GROUP                      
------------------------------ ------------------------------                   
EXTERNAL_NAME                                                                   
--------------------------------------------------------------------------------
TSMSYS                                 21 3DF26A8B17D0F29F                      
EXPIRED & LOCKED                 11-JUL-19 11-JUL-19                            
USERS                          TEMP                           11-JUL-19         

USERNAME                          USER_ID PASSWORD                              
------------------------------ ---------- ------------------------------        
ACCOUNT_STATUS                   LOCK_DATE EXPIRY_DA                            
-------------------------------- --------- ---------                            
DEFAULT_TABLESPACE             TEMPORARY_TABLESPACE           CREATED           
------------------------------ ------------------------------ ---------         
PROFILE                        INITIAL_RSRC_CONSUMER_GROUP                      
------------------------------ ------------------------------                   
EXTERNAL_NAME                                                                   
--------------------------------------------------------------------------------
DEFAULT                        DEFAULT_CONSUMER_GROUP                           
                                                                                
                                                                                

21 rows selected.

SQL> SELECT * FROM ALL_USERS;

USERNAME                          USER_ID CREATED                               
------------------------------ ---------- ---------                             
HAMMAD                                 54 18-JUL-19                             
MGMT_VIEW                              53 11-JUL-19                             
MDDATA                                 50 11-JUL-19                             
SYSMAN                                 51 11-JUL-19                             
MDSYS                                  46 11-JUL-19                             
SI_INFORMTN_SCHEMA                     45 11-JUL-19                             
ORDPLUGINS                             44 11-JUL-19                             
ORDSYS                                 43 11-JUL-19                             
OLAPSYS                                47 11-JUL-19                             
ANONYMOUS                              39 11-JUL-19                             
XDB                                    38 11-JUL-19                             

USERNAME                          USER_ID CREATED                               
------------------------------ ---------- ---------                             
CTXSYS                                 36 11-JUL-19                             
EXFSYS                                 34 11-JUL-19                             
WMSYS                                  25 11-JUL-19                             
DBSNMP                                 24 11-JUL-19                             
TSMSYS                                 21 11-JUL-19                             
DMSYS                                  35 11-JUL-19                             
DIP                                    19 11-JUL-19                             
OUTLN                                  11 11-JUL-19                             
SYSTEM                                  5 11-JUL-19                             
SYS                                     0 11-JUL-19                             

21 rows selected.

SQL> DELETE FROM ALL_USERS WHERE USERNAME = HAMMAD;
DELETE FROM ALL_USERS WHERE USERNAME = HAMMAD
                                       *
ERROR at line 1:
ORA-00904: "HAMMAD": invalid identifier 


SQL> DELETE FROM ALL_USERS WHERE USERNAME = 'HAMMAD';
DELETE FROM ALL_USERS WHERE USERNAME = 'HAMMAD'
            *
ERROR at line 1:
ORA-01031: insufficient privileges 


SQL> DELETE USER HAMMAD;
DELETE USER HAMMAD
       *
ERROR at line 1:
ORA-00903: invalid table name 


SQL> DROP USER HAMMAD;

User dropped.

SQL> CREATE USER HAMMAD IDENTIFIED AS ABC123;
CREATE USER HAMMAD IDENTIFIED AS ABC123
                              *
ERROR at line 1:
ORA-00924: missing BY keyword 


SQL> CREATE USER HAMMAD IDENTIFIED BY ABC123;

User created.

SQL> GRANT INSERT,UPDATE,SELECT ON CUSTOMER_02 TO HAMMAD;

Grant succeeded.

SQL> GRANT CREATE SESSION FROM HAMMAD;
GRANT CREATE SESSION FROM HAMMAD
                     *
ERROR at line 1:
ORA-00905: missing keyword 


SQL> GRANT CREATE SESSION TO HAMMAD;

Grant succeeded.

SQL> REVOKE ALL ON CUSTOMER_02 FROM HAMMAD;

Revoke succeeded.

SQL> COMMIT;

Commit complete.

SQL> CREATE SEQUENCE SEQ2
  2  START WITH 1
  3  MAXVALUE 10
  4  INCREMENT BY 1
  5  CACHE 12;

Sequence created.

SQL> INSERT INTO STUDENT_02 VALUES(SEQ2.NEXTVAL, 'NISHITA' , 'FYMCA', 'SPIT');
INSERT INTO STUDENT_02 VALUES(SEQ2.NEXTVAL, 'NISHITA' , 'FYMCA', 'SPIT')
*
ERROR at line 1:
ORA-00001: unique constraint (SYSTEM.SYS_C005284) violated 


SQL> SELECT * FROM STUDENT_02;

        ID NAME                                     CLASS                       
---------- ---------------------------------------- -------------------------   
COLLEGE                                                                         
-------------------------                                                       
         1 Hammad                                   SYMCA                       
SPIT                                                                            
                                                                                

SQL> INSERT INTO STUDENT_02 VALUES(SEQ2.NEXTVAL, 'NISHITA' , 'FYMCA', 'SPIT2');

1 row created.

SQL> SELECT * FROM STUDENT_02;

        ID NAME                                     CLASS                       
---------- ---------------------------------------- -------------------------   
COLLEGE                                                                         
-------------------------                                                       
         1 Hammad                                   SYMCA                       
SPIT                                                                            
                                                                                
         2 NISHITA                                  FYMCA                       
SPIT2                                                                           
                                                                                

SQL> SAVEPOINT SB1;

Savepoint created.

SQL> INSERT INTO STUDENT_02 VALUES(SEQ2.NEXTVAL, 'MAULIKA','SYMCA','SPIT3');

1 row created.

SQL> ROLLBACK SB1;
ROLLBACK SB1
         *
ERROR at line 1:
ORA-02181: invalid option to ROLLBACK WORK 


SQL> COMMIT;

Commit complete.

SQL> ROLLBACK TO SAVEPOINT SB1;
ROLLBACK TO SAVEPOINT SB1
*
ERROR at line 1:
ORA-01086: savepoint 'SB1' never established 


SQL> ROLLBACK TO SAVEPOINT SB1;
ROLLBACK TO SAVEPOINT SB1
*
ERROR at line 1:
ORA-01086: savepoint 'SB1' never established 


SQL> DROP SEQUENCE SEQ2;

Sequence dropped.

SQL> CLEAR SCREEN
SQL> COMMIT;

Commit complete.

SQL> AUTOCOMMIT;
SP2-0042: unknown command "AUTOCOMMIT" - rest of line ignored.
SQL> AUTO COMMIT;
SP2-0734: unknown command beginning "AUTO COMMI..." - rest of line ignored.
SQL> SET AUTOCOMMIT ON;
SQL> COMMIT;

Commit complete.

SQL> SET AUTOCOMMIT OFF;
SQL> CLEAR SCREEN
SQL> CREATE VIEW VIEW1 AS SELECT NAME FROM STUDENT_02;

View created.

SQL> SELECT * FROM VIEW1;

NAME                                                                            
----------------------------------------                                        
Hammad                                                                          
NISHITA                                                                         
MAULIKA                                                                         

SQL> DROP VIEW VIEW1 FROM STUDENT_02;
DROP VIEW VIEW1 FROM STUDENT_02
                *
ERROR at line 1:
ORA-00933: SQL command not properly ended 


SQL> DROP VIEW VIEW1;

View dropped.

SQL> CLEAR SCREEN
SQL> COMMIT;

Commit complete.

SQL> SPOOL OFF;
SQL> SELECT * FROM DEPOSIT_02;

AC_NO CNAME              BNAME                  AMOUNT ADATE                    
----- ------------------ ------------------ ---------- ---------                
100   ANIL               VRCE                     1000 01-MAR-95                
101   SUNIL              AJNI                     5000 04-JAN-96                
102   MEHUL              KAROLBAGH                3500 17-NOV-95                
104   MADHURI            CHANDNI                  1200 17-DEC-95                
105   PRAMOD             M.G.ROAD                 3000 27-MAR-96                
106   SANDIP             ANDHERI                  2000 31-MAR-96                
107   SHIVANI            VIRAR                    1000 05-SEP-95                
108   KRANTI             NEHRU PLACE              5000 02-JUL-95                
109   NAREN              POWAI                    7000 10-AUG-95                

9 rows selected.

SQL> SELECT 1234*1234 FROM DUAL;

 1234*1234                                                                      
----------                                                                      
   1522756                                                                      

SQL> SPOOL OFF
SQL> CLEAR SCREEN
SQL> SELECT * FROM DEPOSIT_02;

AC_NO CNAME              BNAME                  AMOUNT ADATE                    
----- ------------------ ------------------ ---------- ---------                
100   ANIL               VRCE                     1000 01-MAR-95                
101   SUNIL              AJNI                     5000 04-JAN-96                
102   MEHUL              KAROLBAGH                3500 17-NOV-95                
104   MADHURI            CHANDNI                  1200 17-DEC-95                
105   PRAMOD             M.G.ROAD                 3000 27-MAR-96                
106   SANDIP             ANDHERI                  2000 31-MAR-96                
107   SHIVANI            VIRAR                    1000 05-SEP-95                
108   KRANTI             NEHRU PLACE              5000 02-JUL-95                
109   NAREN              POWAI                    7000 10-AUG-95                

9 rows selected.

SQL> SELECT AC_NO + AMOUNT AS COMBINEDACAM FROM DEPOSIT_02;

COMBINEDACAM                                                                    
------------                                                                    
        1100                                                                    
        5101                                                                    
        3602                                                                    
        1304                                                                    
        3105                                                                    
        2106                                                                    
        1107                                                                    
        5108                                                                    
        7109                                                                    

9 rows selected.

SQL> SELECT CNAME + AMOUNT AS NAMEAMOUNT FROM DEPOSIT_02;
SELECT CNAME + AMOUNT AS NAMEAMOUNT FROM DEPOSIT_02
       *
ERROR at line 1:
ORA-01722: invalid number 


SQL> SELECT AMOUNT - AC_NO AS AM_AC FROM DEPOSIT_02;

     AM_AC                                                                      
----------                                                                      
       900                                                                      
      4899                                                                      
      3398                                                                      
      1096                                                                      
      2895                                                                      
      1894                                                                      
       893                                                                      
      4892                                                                      
      6891                                                                      

9 rows selected.

SQL> SELECT AMOUNT*0.25 AS PROFIT FROM DEPOSIT_02;

    PROFIT                                                                      
----------                                                                      
       250                                                                      
      1250                                                                      
       875                                                                      
       300                                                                      
       750                                                                      
       500                                                                      
       250                                                                      
      1250                                                                      
      1750                                                                      

9 rows selected.

SQL> SELECT CEIL(123.45) AS x, CEIL(32) AS y, CEIL(-123.45) AS z FROM DUAL;

         X          Y          Z                                                
---------- ---------- ----------                                                
       124         32       -123                                                

SQL> SELECT FLOOR(123.45) AS x, FLOOR(33) AS y, FLOOR(-125.75) AS z FROM DUAL;

         X          Y          Z                                                
---------- ---------- ----------                                                
       123         33       -126                                                

SQL> SELECT EXP(-2) FROM DUAL;

   EXP(-2)                                                                      
----------                                                                      
.135335283                                                                      

SQL> SELECT LOG(10,10) AS logs FROM DUAL;

      LOGS                                                                      
----------                                                                      
         1                                                                      

SQL> SELECT MOD(123,2) FROM DUAL;

MOD(123,2)                                                                      
----------                                                                      
         1                                                                      

SQL> SELECT ROUND(8.231,1) FROM DUAL;

ROUND(8.231,1)                                                                  
--------------                                                                  
           8.2                                                                  

SQL> SELECT SIGN(-23) FROM DUAL;

 SIGN(-23)                                                                      
----------                                                                      
        -1                                                                      

SQL> SELECT SQRT(625) AS SquareRoot FROM DUAL;

SQUAREROOT                                                                      
----------                                                                      
        25                                                                      

SQL> SELECT TRUNC(3.14159265) AS x
  2  FROM DUAL
  3  ;

         X                                                                      
----------                                                                      
         3                                                                      

SQL> SELECT POWER(5,3) FROM DUAL;

POWER(5,3)                                                                      
----------                                                                      
       125                                                                      

SQL> SELECT * FROM DEPOSIT_02;

AC_NO CNAME              BNAME                  AMOUNT ADATE                    
----- ------------------ ------------------ ---------- ---------                
100   ANIL               VRCE                     1000 01-MAR-95                
101   SUNIL              AJNI                     5000 04-JAN-96                
102   MEHUL              KAROLBAGH                3500 17-NOV-95                
104   MADHURI            CHANDNI                  1200 17-DEC-95                
105   PRAMOD             M.G.ROAD                 3000 27-MAR-96                
106   SANDIP             ANDHERI                  2000 31-MAR-96                
107   SHIVANI            VIRAR                    1000 05-SEP-95                
108   KRANTI             NEHRU PLACE              5000 02-JUL-95                
109   NAREN              POWAI                    7000 10-AUG-95                

9 rows selected.

SQL> ALTER TABLE DEPOSIT_02 ADD (DATE DATE);
ALTER TABLE DEPOSIT_02 ADD (DATE DATE)
                            *
ERROR at line 1:
ORA-00904: : invalid identifier 


SQL> ALTER TABLE DEPOSIT_02 ADD (DATETIME DATE);

Table altered.

SQL> SELECT * FROM DEPOSIT_02;

AC_NO CNAME              BNAME                  AMOUNT ADATE     DATETIME       
----- ------------------ ------------------ ---------- --------- ---------      
100   ANIL               VRCE                     1000 01-MAR-95                
101   SUNIL              AJNI                     5000 04-JAN-96                
102   MEHUL              KAROLBAGH                3500 17-NOV-95                
104   MADHURI            CHANDNI                  1200 17-DEC-95                
105   PRAMOD             M.G.ROAD                 3000 27-MAR-96                
106   SANDIP             ANDHERI                  2000 31-MAR-96                
107   SHIVANI            VIRAR                    1000 05-SEP-95                
108   KRANTI             NEHRU PLACE              5000 02-JUL-95                
109   NAREN              POWAI                    7000 10-AUG-95                

9 rows selected.

SQL> UPDATE DEPOSIT_02 SET DATETIME = TO_DATE (ADATE,'DD-MON-YY');

9 rows updated.

SQL> SELECT * FROM DEPOSIT_02;

AC_NO CNAME              BNAME                  AMOUNT ADATE     DATETIME       
----- ------------------ ------------------ ---------- --------- ---------      
100   ANIL               VRCE                     1000 01-MAR-95 01-MAR-95      
101   SUNIL              AJNI                     5000 04-JAN-96 04-JAN-96      
102   MEHUL              KAROLBAGH                3500 17-NOV-95 17-NOV-95      
104   MADHURI            CHANDNI                  1200 17-DEC-95 17-DEC-95      
105   PRAMOD             M.G.ROAD                 3000 27-MAR-96 27-MAR-96      
106   SANDIP             ANDHERI                  2000 31-MAR-96 31-MAR-96      
107   SHIVANI            VIRAR                    1000 05-SEP-95 05-SEP-95      
108   KRANTI             NEHRU PLACE              5000 02-JUL-95 02-JUL-95      
109   NAREN              POWAI                    7000 10-AUG-95 10-AUG-95      

9 rows selected.

SQL> DELETE COLUMN ADATE FROM DEPOSIT_02;
DELETE COLUMN ADATE FROM DEPOSIT_02
       *
ERROR at line 1:
ORA-00903: invalid table name 


SQL> ALTER TABLE DEPOSIT_02 DROP(ADATE);

Table altered.

SQL> ALTER TABLE DEPOSIT_02 RENAME DATETIME TO ADATE;
ALTER TABLE DEPOSIT_02 RENAME DATETIME TO ADATE
                              *
ERROR at line 1:
ORA-14155: missing PARTITION or SUBPARTITION keyword 


SQL> ALTER TABLE DEPOSIT_02 RENAME DATETIME TO ADATE;
ALTER TABLE DEPOSIT_02 RENAME DATETIME TO ADATE
                              *
ERROR at line 1:
ORA-14155: missing PARTITION or SUBPARTITION keyword 


SQL> SELECT CURDATE;
SELECT CURDATE
             *
ERROR at line 1:
ORA-00923: FROM keyword not found where expected 


SQL> SELECT CURDATE FROM DUAL;
SELECT CURDATE FROM DUAL
       *
ERROR at line 1:
ORA-00904: "CURDATE": invalid identifier 


SQL> SELECT CURREN_DATE FROM DUAL;
SELECT CURREN_DATE FROM DUAL
       *
ERROR at line 1:
ORA-00904: "CURREN_DATE": invalid identifier 


SQL> SELECT CURRENT_DATE FROMD UAL
  2  ;
SELECT CURRENT_DATE FROMD UAL
                          *
ERROR at line 1:
ORA-00923: FROM keyword not found where expected 


SQL> SELECT CURRENT_DATE FROM DUAL
  2  ;

CURRENT_D                                                                       
---------                                                                       
26-JUL-19                                                                       

SQL> SELECT * FROM DEPOSIT_02;

AC_NO CNAME              BNAME                  AMOUNT DATETIME                 
----- ------------------ ------------------ ---------- ---------                
100   ANIL               VRCE                     1000 01-MAR-95                
101   SUNIL              AJNI                     5000 04-JAN-96                
102   MEHUL              KAROLBAGH                3500 17-NOV-95                
104   MADHURI            CHANDNI                  1200 17-DEC-95                
105   PRAMOD             M.G.ROAD                 3000 27-MAR-96                
106   SANDIP             ANDHERI                  2000 31-MAR-96                
107   SHIVANI            VIRAR                    1000 05-SEP-95                
108   KRANTI             NEHRU PLACE              5000 02-JUL-95                
109   NAREN              POWAI                    7000 10-AUG-95                

9 rows selected.

SQL> SELECT AVG(AMOUNT) FROM DEPOSIT_02;

AVG(AMOUNT)                                                                     
-----------                                                                     
 3188.88889                                                                     

SQL> SELECT MIN(AMOUNT) FROM DEPOSIT_02;

MIN(AMOUNT)                                                                     
-----------                                                                     
       1000                                                                     

SQL> SELECT MAX(AMOUNT) FROM DEPOSIT_02;

MAX(AMOUNT)                                                                     
-----------                                                                     
       7000                                                                     

SQL> SELECT COUNT(AMOUNT) FROM DEPOSIT_02;

COUNT(AMOUNT)                                                                   
-------------                                                                   
            9                                                                   

SQL> SELECT SUM(AMOUNT) FROM DEPOSIT_02;

SUM(AMOUNT)                                                                     
-----------                                                                     
      28700                                                                     

SQL> ALTER TABEL DEPOSIT_02 RENAME DATETIME TO ADATE;
ALTER TABEL DEPOSIT_02 RENAME DATETIME TO ADATE
      *
ERROR at line 1:
ORA-00940: invalid ALTER command 


SQL> ALTER TABLE DEPOSIT_02 RENAME DATETIME TO ADATE;
ALTER TABLE DEPOSIT_02 RENAME DATETIME TO ADATE
                              *
ERROR at line 1:
ORA-14155: missing PARTITION or SUBPARTITION keyword 


SQL> ALTER TABLE DEPOSIT_02 RENAME COLUMN DATETIME TO ADATE;

Table altered.

SQL> CLEAR SCREEN
SQL> SELECT TO_CHAR(ADD_MONTHS(ADATE,1),'DD-MON-YY') AS NEXT_MONTH FROM DEPOSIT_02;

NEXT_MONT                                                                       
---------                                                                       
01-APR-95                                                                       
04-FEB-96                                                                       
17-DEC-95                                                                       
17-JAN-96                                                                       
27-APR-96                                                                       
30-APR-96                                                                       
05-OCT-95                                                                       
02-AUG-95                                                                       
10-SEP-95                                                                       

9 rows selected.

SQL> SELECT NEXT_DAY('02-FEB-2001','TUESDAY') "NEXT DAY"
  2       FROM DUAL;

NEXT DAY                                                                        
---------                                                                       
06-FEB-01                                                                       

SQL> SELECT EXTRACT(TIMEZONE_REGION
  2        FROM TIMESTAMP '1999-01-01 10:00:00 -08:00')
  3     FROM DUAL;

EXTRACT(TIMEZONE_REGIONFROMTIMESTAMP'1999-01-0110:00:00-08:00')                 
----------------------------------------------------------------                
UNKNOWN                                                                         

SQL> SELECT EXTRACT(TIMEZONE_REGION
  2        FROM TIMESTAMP '1999-01-02 10:00:00 -08:00') FROM DUAL;

EXTRACT(TIMEZONE_REGIONFROMTIMESTAMP'1999-01-0210:00:00-08:00')                 
----------------------------------------------------------------                
UNKNOWN                                                                         

SQL> SELECT TO_CHAR
  2      (SYSDATE, 'MM-DD-YYYY HH24:MI:SS') "NOW"
  3       FROM DUAL;

NOW                                                                             
-------------------                                                             
07-26-2019 12:30:19                                                             

SQL> SELECT ROWID FROM DEPOSIT_02;

ROWID                                                                           
------------------                                                              
AAAMhdAABAAAOoyAAA                                                              
AAAMhdAABAAAOoyAAB                                                              
AAAMhdAABAAAOoyAAC                                                              
AAAMhdAABAAAOoyAAD                                                              
AAAMhdAABAAAOoyAAE                                                              
AAAMhdAABAAAOoyAAF                                                              
AAAMhdAABAAAOoyAAG                                                              
AAAMhdAABAAAOoyAAH                                                              
AAAMhdAABAAAOoyAAI                                                              

9 rows selected.

SQL> SELECT ROWNUM FROM DEPOSIT_02;

    ROWNUM                                                                      
----------                                                                      
         1                                                                      
         2                                                                      
         3                                                                      
         4                                                                      
         5                                                                      
         6                                                                      
         7                                                                      
         8                                                                      
         9                                                                      

9 rows selected.

SQL> SELECT * FROM DEPOSIT_02 WHERE CNAME = 'pramod';

no rows selected

SQL> SELECT * FROM DEPOSIT_02;

AC_NO CNAME              BNAME                  AMOUNT ADATE                    
----- ------------------ ------------------ ---------- ---------                
100   ANIL               VRCE                     1000 01-MAR-95                
101   SUNIL              AJNI                     5000 04-JAN-96                
102   MEHUL              KAROLBAGH                3500 17-NOV-95                
104   MADHURI            CHANDNI                  1200 17-DEC-95                
105   PRAMOD             M.G.ROAD                 3000 27-MAR-96                
106   SANDIP             ANDHERI                  2000 31-MAR-96                
107   SHIVANI            VIRAR                    1000 05-SEP-95                
108   KRANTI             NEHRU PLACE              5000 02-JUL-95                
109   NAREN              POWAI                    7000 10-AUG-95                

9 rows selected.

SQL> SELECT * FROM DEPOSIT_02 WHERE CNAME = 'PRAMOD';

AC_NO CNAME              BNAME                  AMOUNT ADATE                    
----- ------------------ ------------------ ---------- ---------                
105   PRAMOD             M.G.ROAD                 3000 27-MAR-96                

SQL> SELECT * FROM DEPOSIT_02 WHERE CNAME = 'PRAMOD' AND BNAME = 'M.G.ROAD';

AC_NO CNAME              BNAME                  AMOUNT ADATE                    
----- ------------------ ------------------ ---------- ---------                
105   PRAMOD             M.G.ROAD                 3000 27-MAR-96                

SQL> SELECT * FROM DEPOSIT_02 WHERE CNAME NOT IN 'PRAMOD';

AC_NO CNAME              BNAME                  AMOUNT ADATE                    
----- ------------------ ------------------ ---------- ---------                
100   ANIL               VRCE                     1000 01-MAR-95                
101   SUNIL              AJNI                     5000 04-JAN-96                
102   MEHUL              KAROLBAGH                3500 17-NOV-95                
104   MADHURI            CHANDNI                  1200 17-DEC-95                
106   SANDIP             ANDHERI                  2000 31-MAR-96                
107   SHIVANI            VIRAR                    1000 05-SEP-95                
108   KRANTI             NEHRU PLACE              5000 02-JUL-95                
109   NAREN              POWAI                    7000 10-AUG-95                

8 rows selected.

SQL> SELECT * FROM DEPOSIT_02 WHERE CNAME IN ('SHIVANI','MEHUL');

AC_NO CNAME              BNAME                  AMOUNT ADATE                    
----- ------------------ ------------------ ---------- ---------                
102   MEHUL              KAROLBAGH                3500 17-NOV-95                
107   SHIVANI            VIRAR                    1000 05-SEP-95                

SQL> SELECT * FROM DEPOSIT_02 WHERE CNAME <> 'KRANTI';

AC_NO CNAME              BNAME                  AMOUNT ADATE                    
----- ------------------ ------------------ ---------- ---------                
100   ANIL               VRCE                     1000 01-MAR-95                
101   SUNIL              AJNI                     5000 04-JAN-96                
102   MEHUL              KAROLBAGH                3500 17-NOV-95                
104   MADHURI            CHANDNI                  1200 17-DEC-95                
105   PRAMOD             M.G.ROAD                 3000 27-MAR-96                
106   SANDIP             ANDHERI                  2000 31-MAR-96                
107   SHIVANI            VIRAR                    1000 05-SEP-95                
109   NAREN              POWAI                    7000 10-AUG-95                

8 rows selected.

SQL> SELECT * FROM DEPOSIT_02 WHERE CNAME LIKE 'B%';

no rows selected

SQL> SELECT * FROM DEPOSIT_02 WHERE CNAME LIKE 'A%';

AC_NO CNAME              BNAME                  AMOUNT ADATE                    
----- ------------------ ------------------ ---------- ---------                
100   ANIL               VRCE                     1000 01-MAR-95                

SQL> SELECT * FROM DEPOSIT_02 WHERE CNAME LIKE '_A%';

AC_NO CNAME              BNAME                  AMOUNT ADATE                    
----- ------------------ ------------------ ---------- ---------                
104   MADHURI            CHANDNI                  1200 17-DEC-95                
106   SANDIP             ANDHERI                  2000 31-MAR-96                
109   NAREN              POWAI                    7000 10-AUG-95                

SQL> SELECT * FROM DEPOSIT_02 WHERE CNAME LIKE '_B%';

no rows selected

SQL> SELECT * FROM DEPOSIT_02 WHERE CNAME LIKE '_D%';

no rows selected

SQL> SELECT * FROM DEPOSIT_02 WHERE CNAME LIKE '__I%';

AC_NO CNAME              BNAME                  AMOUNT ADATE                    
----- ------------------ ------------------ ---------- ---------                
100   ANIL               VRCE                     1000 01-MAR-95                
107   SHIVANI            VIRAR                    1000 05-SEP-95                

SQL> SELECT * FROM DEPOSIT_02 WHERE CNAME LIKE '%D%';

AC_NO CNAME              BNAME                  AMOUNT ADATE                    
----- ------------------ ------------------ ---------- ---------                
104   MADHURI            CHANDNI                  1200 17-DEC-95                
105   PRAMOD             M.G.ROAD                 3000 27-MAR-96                
106   SANDIP             ANDHERI                  2000 31-MAR-96                

SQL> SELECT SUBSTR('ABCDEFG',3,4) "SUBSTRING" FROM DUAL;

SUBS                                                                            
----                                                                            
CDEF                                                                            

SQL> SELECT SUBSTR('ABCDEFG',-5,4) "Substring"
  2       FROM DUAL;

Subs                                                                            
----                                                                            
CDEF                                                                            

SQL> SELECT SUBSTR('ALMNOD',2,2) "SUBSTRING" FROM DUAL;

SU                                                                              
--                                                                              
LM                                                                              

SQL> SELECT INSERT('*', 3, 4, 'NEW') FROM DEPOSIT_02;
SELECT INSERT('*', 3, 4, 'NEW') FROM DEPOSIT_02
       *
ERROR at line 1:
ORA-00936: missing expression 


SQL> CLEAR SCREEN
SQL> SELECT INSERT('EXPONENETIAL', 2 , 3, 'NEW') FROM DUAL;
SELECT INSERT('EXPONENETIAL', 2 , 3, 'NEW') FROM DUAL
       *
ERROR at line 1:
ORA-00936: missing expression 


SQL> SELECT Insert('123456', 2, 3, 'abcd') FROM DUAL;
SELECT Insert('123456', 2, 3, 'abcd') FROM DUAL
       *
ERROR at line 1:
ORA-00936: missing expression 


SQL> SELECT Insert('123456', 2, 3, 'abcd') FROM DEPOSIT_02;
SELECT Insert('123456', 2, 3, 'abcd') FROM DEPOSIT_02
       *
ERROR at line 1:
ORA-00936: missing expression 


SQL> CLEAR SCREEN
SQL> SELECT INSERT('Quadratic', 3, 4, 'What');
SELECT INSERT('Quadratic', 3, 4, 'What')
       *
ERROR at line 1:
ORA-00936: missing expression 


SQL> SELECT INSRT('EXPONENTIAL', 2, 3, 'NEW') FROM DUAL;
SELECT INSRT('EXPONENTIAL', 2, 3, 'NEW') FROM DUAL
       *
ERROR at line 1:
ORA-00904: "INSRT": invalid identifier 


SQL> SELECT INSTR('EXPONENTIAL', 2, 3, 'NEW') FROM DUAL;
SELECT INSTR('EXPONENTIAL', 2, 3, 'NEW') FROM DUAL
                                  *
ERROR at line 1:
ORA-01722: invalid number 


SQL> SELECT INSTR('EXPONENTIAL', 2, 4, 'NEW') FROM DUAL;
SELECT INSTR('EXPONENTIAL', 2, 4, 'NEW') FROM DUAL
                                  *
ERROR at line 1:
ORA-01722: invalid number 


SQL> SELECT INSTR('EXPONENTIAL', 2, 4, NEW) FROM DUAL;
SELECT INSTR('EXPONENTIAL', 2, 4, NEW) FROM DUAL
                                  *
ERROR at line 1:
ORA-00904: "NEW": invalid identifier 


SQL> SELECT INSTR('EXPONENTIAL', 2, 4, 2) FROM DUAL;

INSTR('EXPONENTIAL',2,4,2)                                                      
--------------------------                                                      
                         0                                                      

SQL>  SELECT INSTR('EXPONENTIAL', 'NEW', 3, 3) FROM DUAL;

INSTR('EXPONENTIAL','NEW',3,3)                                                  
------------------------------                                                  
                             0                                                  

SQL> SELECT INSTR('EXPONENTIAL', 'NEW', 3, 2) FROM DUAL;

INSTR('EXPONENTIAL','NEW',3,2)                                                  
------------------------------                                                  
                             0                                                  

SQL> SPOOL OFF
SQL> clear screen
SQL> select * from deposit_02;

AC_NO CNAME              BNAME                  AMOUNT ADATE                    
----- ------------------ ------------------ ---------- ---------                
100   ANIL               VRCE                     1000 01-MAR-95                
101   SUNIL              AJNI                     5000 04-JAN-96                
102   MEHUL              KAROLBAGH                3500 17-NOV-95                
104   MADHURI            CHANDNI                  1200 17-DEC-95                
105   PRAMOD             M.G.ROAD                 3000 27-MAR-96                
106   SANDIP             ANDHERI                  2000 31-MAR-96                
107   SHIVANI            VIRAR                    1000 05-SEP-95                
108   KRANTI             NEHRU PLACE              5000 02-JUL-95                
109   NAREN              POWAI                    7000 10-AUG-95                

9 rows selected.

SQL>  select * from borrow_02;

LOANN CNAME              BNAME                  AMOUNT                          
----- ------------------ ------------------ ----------                          
201   ANIL               VRCE                     1000                          
206   MEHUL              AJNI                     5000                          
311   SUNIL              DHARAMPETH               3000                          
321   MADHURI            ANDHERI                  2000                          
375   PRAMOD             VIRAR                    8000                          
481   KRANTI             NEHRU PLACE              3000                          

6 rows selected.

SQL> select * from customer_02;

CNAME                CITY                                                       
-------------------- --------------------                                       
ANIL                 KOLKATA                                                    
SUNIL                DELHI                                                      
MEHUL                BARODA                                                     
MANDAR               PATNA                                                      
MADHURI              NAGPUR                                                     
PRAMOD               NAGPUR                                                     
SANDIP               SURAT                                                      
SHIVANI              MUMBAI                                                     
KRANTI               MUMBAI                                                     
NAREN                MUMBAI                                                     

10 rows selected.

SQL> select cname from customer_02 where CITY = 'NAGPUR';

CNAME                                                                           
--------------------                                                            
MADHURI                                                                         
PRAMOD                                                                          

SQL> select cname from borrow_02 where loann = 206;
select cname from borrow_02 where loann = 206
                                  *
ERROR at line 1:
ORA-00904: "LOANN": invalid identifier 


SQL> select cname from borrow_02 where LOANNO = 206
  2  ;

CNAME                                                                           
------------------                                                              
MEHUL                                                                           

SQL> select cname from deposit_02 where AMOUNT > 4000;

CNAME                                                                           
------------------                                                              
SUNIL                                                                           
KRANTI                                                                          
NAREN                                                                           

SQL> select cname from customer_02 where adate > '01-DEC-95;
ERROR:
ORA-01756: quoted string not properly terminated 


SQL> select cname from customer_02 where adate > '01-DEC-95';
select cname from customer_02 where adate > '01-DEC-95'
                                    *
ERROR at line 1:
ORA-00904: "ADATE": invalid identifier 


SQL> select cname from customer_02 where ADATE > '01-DEC-95';
select cname from customer_02 where ADATE > '01-DEC-95'
                                    *
ERROR at line 1:
ORA-00904: "ADATE": invalid identifier 


SQL> select cname from deposit_02 where ADATE > '01-DEC-95';

CNAME                                                                           
------------------                                                              
ANIL                                                                            
SUNIL                                                                           
MEHUL                                                                           
MADHURI                                                                         
PRAMOD                                                                          
SANDIP                                                                          
SHIVANI                                                                         
KRANTI                                                                          
NAREN                                                                           

9 rows selected.

SQL> select * from branch_02;

BNAME                CITY                                                       
-------------------- --------------------                                       
VRCE                 NAGPUR                                                     
AJNI                 NAGPUR                                                     
KAROLBAGH            DELHI                                                      
CHANDNI              DELHI                                                      
DHARAMPETH           NAGPUR                                                     
M.G.ROAD             BANGLORE                                                   
ANDHERI              MUMBAI                                                     
VIRAR                MUMBAI                                                     
NEHRU PLACE          DELHI                                                      
POWAI                MUMBAI                                                     

10 rows selected.

SQL> select city from branch_02 where bname = 'Karolbagh';

no rows selected

SQL> select city from branch_02 where bname = 'KAROLBAGH';

CITY                                                                            
--------------------                                                            
DELHI                                                                           

SQL> select sum(amount) from borrow_02;

SUM(AMOUNT)                                                                     
-----------                                                                     
      22000                                                                     

SQL> spool off;
